2026-07-09 11:50:49,434 INFO o.a.j.u.JMeterUtils: Setting Locale to en_EN
2026-07-09 11:50:49,454 INFO o.a.j.JMeter: Loading user properties from: C:\apache-jmeter-5.6.3\bin\user.properties
2026-07-09 11:50:49,454 INFO o.a.j.JMeter: Loading system properties from: C:\apache-jmeter-5.6.3\bin\system.properties
2026-07-09 11:50:49,454 INFO o.a.j.JMeter: Setting JMeter property: threads=100
2026-07-09 11:50:49,454 INFO o.a.j.JMeter: Setting JMeter property: rampup=10
2026-07-09 11:50:49,455 INFO o.a.j.JMeter: Setting JMeter property: loops=10
2026-07-09 11:50:49,455 INFO o.a.j.JMeter: Setting JMeter property: jmeter.reportgenerator.overall_granularity=1000
2026-07-09 11:50:49,461 INFO o.a.j.JMeter: Copyright (c) 1998-2024 The Apache Software Foundation
2026-07-09 11:50:49,461 INFO o.a.j.JMeter: Version 5.6.3
2026-07-09 11:50:49,461 INFO o.a.j.JMeter: java.version=21.0.11
2026-07-09 11:50:49,461 INFO o.a.j.JMeter: java.vm.name=OpenJDK 64-Bit Server VM
2026-07-09 11:50:49,461 INFO o.a.j.JMeter: os.name=Windows 11
2026-07-09 11:50:49,461 INFO o.a.j.JMeter: os.arch=amd64
2026-07-09 11:50:49,461 INFO o.a.j.JMeter: os.version=10.0
2026-07-09 11:50:49,461 INFO o.a.j.JMeter: file.encoding=UTF-8
2026-07-09 11:50:49,461 INFO o.a.j.JMeter: java.awt.headless=true
2026-07-09 11:50:49,461 INFO o.a.j.JMeter: Max memory     =1073741824
2026-07-09 11:50:49,461 INFO o.a.j.JMeter: Available Processors =8
2026-07-09 11:50:49,471 INFO o.a.j.JMeter: Default Locale=English (EN)
2026-07-09 11:50:49,471 INFO o.a.j.JMeter: JMeter  Locale=English (EN)
2026-07-09 11:50:49,471 INFO o.a.j.JMeter: JMeterHome=C:\apache-jmeter-5.6.3
2026-07-09 11:50:49,471 INFO o.a.j.JMeter: user.dir  =C:\Users\carlo\OneDrive\Escritorio\TRABAJO\agentstructuretest\simulation-lab\jmeter
2026-07-09 11:50:49,472 INFO o.a.j.JMeter: PWD       =C:\Users\carlo\OneDrive\Escritorio\TRABAJO\agentstructuretest\simulation-lab\jmeter
2026-07-09 11:50:49,473 INFO o.a.j.JMeter: IP: 192.168.1.249 Name: POET FullName: POET
2026-07-09 11:50:49,485 INFO o.a.j.JMeter: Setting property 'jmeter.reportgenerator.outputdir' to:'C:\Users\carlo\OneDrive\Escritorio\TRABAJO\agentstructuretest\simulation-lab\jmeter\..\resultados-benchmark\resultados_100_hilos-report'
2026-07-09 11:50:49,487 INFO o.a.j.s.FileServer: Default base='C:\Users\carlo\OneDrive\Escritorio\TRABAJO\agentstructuretest\simulation-lab\jmeter'
2026-07-09 11:50:49,488 INFO o.a.j.s.FileServer: Set new base='C:\Users\carlo\OneDrive\Escritorio\TRABAJO\agentstructuretest\simulation-lab\jmeter'
2026-07-09 11:50:49,654 INFO o.a.j.s.SaveService: Testplan (JMX) version: 2.2. Testlog (JTL) version: 2.2
2026-07-09 11:50:49,675 INFO o.a.j.s.SaveService: Using SaveService properties version 5.0
2026-07-09 11:50:49,677 INFO o.a.j.s.SaveService: Using SaveService properties file encoding UTF-8
2026-07-09 11:50:49,679 INFO o.a.j.s.SaveService: Loading file: agentstructure_benchmark.jmx
2026-07-09 11:50:49,720 INFO o.a.j.p.h.s.HTTPSamplerBase: Parser for text/html is org.apache.jmeter.protocol.http.parser.LagartoBasedHtmlParser
2026-07-09 11:50:49,720 INFO o.a.j.p.h.s.HTTPSamplerBase: Parser for application/xhtml+xml is org.apache.jmeter.protocol.http.parser.LagartoBasedHtmlParser
2026-07-09 11:50:49,720 INFO o.a.j.p.h.s.HTTPSamplerBase: Parser for application/xml is org.apache.jmeter.protocol.http.parser.LagartoBasedHtmlParser
2026-07-09 11:50:49,720 INFO o.a.j.p.h.s.HTTPSamplerBase: Parser for text/xml is org.apache.jmeter.protocol.http.parser.LagartoBasedHtmlParser
2026-07-09 11:50:49,720 INFO o.a.j.p.h.s.HTTPSamplerBase: Parser for text/vnd.wap.wml is org.apache.jmeter.protocol.http.parser.RegexpHTMLParser
2026-07-09 11:50:49,720 INFO o.a.j.p.h.s.HTTPSamplerBase: Parser for text/css is org.apache.jmeter.protocol.http.parser.CssParser
2026-07-09 11:50:49,745 INFO o.a.j.JMeter: Creating summariser <summary>
2026-07-09 11:50:49,748 INFO o.a.j.r.d.ReportGenerator: ReportGenerator will use for Parsing the separator: ','
2026-07-09 11:50:49,748 INFO o.a.j.r.d.ReportGenerator: Will generate report at end of test from  results file: ..\resultados-benchmark\resultados_100_hilos.csv
2026-07-09 11:50:49,749 INFO o.a.j.r.d.ReportGenerator: Reading report generator properties from: C:\apache-jmeter-5.6.3\bin\reportgenerator.properties
2026-07-09 11:50:49,749 INFO o.a.j.r.d.ReportGenerator: Merging with JMeter properties
2026-07-09 11:50:49,752 INFO o.a.j.r.c.ReportGeneratorConfiguration: Property 'jmeter.reportgenerator.temp_dir' not found, using default value 'temp' instead.
2026-07-09 11:50:49,755 INFO o.a.j.r.c.ReportGeneratorConfiguration: Property 'jmeter.reportgenerator.apdex_per_transaction' not found, using default value 'null' instead.
2026-07-09 11:50:49,755 INFO o.a.j.r.c.ReportGeneratorConfiguration: apdex_per_transaction is empty, not APDEX per transaction customization
2026-07-09 11:50:49,755 INFO o.a.j.r.c.ReportGeneratorConfiguration: Property 'jmeter.reportgenerator.sample_filter' not found, using default value 'null' instead.
2026-07-09 11:50:49,755 INFO o.a.j.r.c.ReportGeneratorConfiguration: Property 'jmeter.reportgenerator.report_title' not found, using default value 'null' instead.
2026-07-09 11:50:49,755 INFO o.a.j.r.c.ReportGeneratorConfiguration: Property 'jmeter.reportgenerator.start_date' not found, using default value 'null' instead.
2026-07-09 11:50:49,755 INFO o.a.j.r.c.ReportGeneratorConfiguration: Property 'jmeter.reportgenerator.end_date' not found, using default value 'null' instead.
2026-07-09 11:50:49,755 INFO o.a.j.r.c.ReportGeneratorConfiguration: Property 'jmeter.reportgenerator.date_format' not found, using default value 'null' instead.
2026-07-09 11:50:49,756 INFO o.a.j.r.c.ReportGeneratorConfiguration: Will use date range start date: null, end date: null
2026-07-09 11:50:49,759 INFO o.a.j.r.c.ReportGeneratorConfiguration: Property 'jmeter.reportgenerator.graph.totalTPS.exclude_controllers' not found, using default value 'false' instead.
2026-07-09 11:50:49,760 INFO o.a.j.r.c.ReportGeneratorConfiguration: Property 'jmeter.reportgenerator.graph.activeThreadsOverTime.exclude_controllers' not found, using default value 'false' instead.
2026-07-09 11:50:49,760 INFO o.a.j.r.c.ReportGeneratorConfiguration: Property 'jmeter.reportgenerator.graph.timeVsThreads.exclude_controllers' not found, using default value 'false' instead.
2026-07-09 11:50:49,760 INFO o.a.j.r.c.ReportGeneratorConfiguration: Property 'jmeter.reportgenerator.graph.responseTimeDistribution.exclude_controllers' not found, using default value 'false' instead.
2026-07-09 11:50:49,760 INFO o.a.j.r.c.ReportGeneratorConfiguration: Property 'jmeter.reportgenerator.graph.transactionsPerSecond.exclude_controllers' not found, using default value 'false' instead.
2026-07-09 11:50:49,760 INFO o.a.j.r.c.ReportGeneratorConfiguration: Property 'jmeter.reportgenerator.graph.responseTimePercentiles.exclude_controllers' not found, using default value 'false' instead.
2026-07-09 11:50:49,760 INFO o.a.j.r.c.ReportGeneratorConfiguration: Property 'jmeter.reportgenerator.graph.responseTimePercentilesOverTime.exclude_controllers' not found, using default value 'false' instead.
2026-07-09 11:50:49,760 INFO o.a.j.r.c.ReportGeneratorConfiguration: Property 'jmeter.reportgenerator.graph.responseTimesOverTime.exclude_controllers' not found, using default value 'false' instead.
2026-07-09 11:50:49,761 INFO o.a.j.r.c.ReportGeneratorConfiguration: Property 'jmeter.reportgenerator.graph.connectTimeOverTime.exclude_controllers' not found, using default value 'false' instead.
2026-07-09 11:50:49,761 INFO o.a.j.r.c.ReportGeneratorConfiguration: Property 'jmeter.reportgenerator.graph.latenciesOverTime.exclude_controllers' not found, using default value 'false' instead.
2026-07-09 11:50:49,762 INFO o.a.j.r.c.ReportGeneratorConfiguration: Property 'jmeter.reportgenerator.exporter.json.filters_only_sample_series' not found, using default value 'true' instead.
2026-07-09 11:50:49,762 INFO o.a.j.r.c.ReportGeneratorConfiguration: Property 'jmeter.reportgenerator.exporter.json.series_filter' not found, using default value '' instead.
2026-07-09 11:50:49,762 INFO o.a.j.r.c.ReportGeneratorConfiguration: Property 'jmeter.reportgenerator.exporter.json.show_controllers_only' not found, using default value 'false' instead.
2026-07-09 11:50:49,763 INFO o.a.j.r.c.ReportGeneratorConfiguration: Property 'jmeter.reportgenerator.exporter.html.filters_only_sample_series' not found, using default value 'true' instead.
2026-07-09 11:50:49,763 INFO o.a.j.r.c.ReportGeneratorConfiguration: Property 'jmeter.reportgenerator.exporter.html.series_filter' not found, using default value '' instead.
2026-07-09 11:50:49,763 INFO o.a.j.r.c.ReportGeneratorConfiguration: Property 'jmeter.reportgenerator.exporter.html.show_controllers_only' not found, using default value 'false' instead.
2026-07-09 11:50:49,777 INFO o.a.j.e.StandardJMeterEngine: Running the test!
2026-07-09 11:50:49,779 INFO o.a.j.s.SampleEvent: List of sample_variables: []
2026-07-09 11:50:49,779 INFO o.a.j.s.SampleEvent: List of sample_variables: []
2026-07-09 11:50:49,785 INFO o.a.j.e.u.CompoundVariable: Note: Function class names must contain the string: '.functions.'
2026-07-09 11:50:49,785 INFO o.a.j.e.u.CompoundVariable: Note: Function class names must not contain the string: '.gui.'
2026-07-09 11:50:49,863 INFO o.a.j.JMeter: Running test (1783612249863)
2026-07-09 11:50:49,880 INFO o.a.j.e.StandardJMeterEngine: Starting ThreadGroup: 1 : Benchmark - Operaciones Normales
2026-07-09 11:50:49,880 INFO o.a.j.e.StandardJMeterEngine: Starting 100 threads for group Benchmark - Operaciones Normales.
2026-07-09 11:50:49,880 INFO o.a.j.e.StandardJMeterEngine: Thread will continue on error
2026-07-09 11:50:49,881 INFO o.a.j.t.ThreadGroup: Starting thread group... number=1 threads=100 ramp-up=10 delayedStart=false
2026-07-09 11:50:49,887 INFO o.a.j.t.JMeterThread: Thread started: Benchmark - Operaciones Normales 1-1
2026-07-09 11:50:49,911 INFO o.a.j.p.h.s.HTTPHCAbstractImpl: Local host = POET
2026-07-09 11:50:49,922 INFO o.a.j.p.h.s.HTTPHC4Impl: HTTP request retry count = 0
2026-07-09 11:50:49,924 INFO o.a.j.s.SampleResult: Note: Sample TimeStamps are START times
2026-07-09 11:50:49,924 INFO o.a.j.s.SampleResult: sampleresult.default.encoding is set to UTF-8
2026-07-09 11:50:49,924 INFO o.a.j.s.SampleResult: sampleresult.useNanoTime=true
2026-07-09 11:50:49,925 INFO o.a.j.s.SampleResult: sampleresult.nanoThreadSleep=5000
2026-07-09 11:50:49,934 INFO o.a.j.t.ThreadGroup: Started thread group number 1
2026-07-09 11:50:49,934 INFO o.a.j.e.StandardJMeterEngine: Waiting for thread group: Benchmark - Operaciones Normales to finish before starting next group
2026-07-09 11:50:49,985 INFO o.a.j.t.JMeterThread: Thread started: Benchmark - Operaciones Normales 1-2
2026-07-09 11:50:50,085 INFO o.a.j.t.JMeterThread: Thread started: Benchmark - Operaciones Normales 1-3
2026-07-09 11:50:50,187 INFO o.a.j.t.JMeterThread: Thread started: Benchmark - Operaciones Normales 1-4
2026-07-09 11:50:50,284 INFO o.a.j.t.JMeterThread: Thread started: Benchmark - Operaciones Normales 1-5
2026-07-09 11:50:50,383 INFO o.a.j.t.JMeterThread: Thread started: Benchmark - Operaciones Normales 1-6
2026-07-09 11:50:50,431 INFO o.a.j.t.JMeterThread: Thread is done: Benchmark - Operaciones Normales 1-2
2026-07-09 11:50:50,431 INFO o.a.j.t.JMeterThread: Thread finished: Benchmark - Operaciones Normales 1-2
2026-07-09 11:50:50,449 INFO o.a.j.t.JMeterThread: Thread is done: Benchmark - Operaciones Normales 1-3
2026-07-09 11:50:50,449 INFO o.a.j.t.JMeterThread: Thread finished: Benchmark - Operaciones Normales 1-3
2026-07-09 11:50:50,453 INFO o.a.j.t.JMeterThread: Thread is done: Benchmark - Operaciones Normales 1-1
2026-07-09 11:50:50,453 INFO o.a.j.t.JMeterThread: Thread finished: Benchmark - Operaciones Normales 1-1
2026-07-09 11:50:50,484 INFO o.a.j.t.JMeterThread: Thread started: Benchmark - Operaciones Normales 1-7
2026-07-09 11:50:50,506 INFO o.a.j.t.JMeterThread: Thread is done: Benchmark - Operaciones Normales 1-4
2026-07-09 11:50:50,506 INFO o.a.j.t.JMeterThread: Thread finished: Benchmark - Operaciones Normales 1-4
2026-07-09 11:50:50,576 INFO o.a.j.t.JMeterThread: Thread is done: Benchmark - Operaciones Normales 1-5
2026-07-09 11:50:50,577 INFO o.a.j.t.JMeterThread: Thread finished: Benchmark - Operaciones Normales 1-5
2026-07-09 11:50:50,584 INFO o.a.j.t.JMeterThread: Thread started: Benchmark - Operaciones Normales 1-8
2026-07-09 11:50:50,652 INFO o.a.j.t.JMeterThread: Thread is done: Benchmark - Operaciones Normales 1-6
2026-07-09 11:50:50,653 INFO o.a.j.t.JMeterThread: Thread finished: Benchmark - Operaciones Normales 1-6
2026-07-09 11:50:50,684 INFO o.a.j.t.JMeterThread: Thread started: Benchmark - Operaciones Normales 1-9
2026-07-09 11:50:50,741 INFO o.a.j.t.JMeterThread: Thread is done: Benchmark - Operaciones Normales 1-7
2026-07-09 11:50:50,741 INFO o.a.j.t.JMeterThread: Thread finished: Benchmark - Operaciones Normales 1-7
2026-07-09 11:50:50,784 INFO o.a.j.t.JMeterThread: Thread started: Benchmark - Operaciones Normales 1-10
2026-07-09 11:50:50,796 INFO o.a.j.t.JMeterThread: Thread is done: Benchmark - Operaciones Normales 1-8
2026-07-09 11:50:50,796 INFO o.a.j.t.JMeterThread: Thread finished: Benchmark - Operaciones Normales 1-8
2026-07-09 11:50:50,858 INFO o.a.j.t.JMeterThread: Thread is done: Benchmark - Operaciones Normales 1-9
2026-07-09 11:50:50,859 INFO o.a.j.t.JMeterThread: Thread finished: Benchmark - Operaciones Normales 1-9
2026-07-09 11:50:50,882 INFO o.a.j.t.JMeterThread: Thread started: Benchmark - Operaciones Normales 1-11
2026-07-09 11:50:50,939 INFO o.a.j.t.JMeterThread: Thread is done: Benchmark - Operaciones Normales 1-10
2026-07-09 11:50:50,939 INFO o.a.j.t.JMeterThread: Thread finished: Benchmark - Operaciones Normales 1-10
2026-07-09 11:50:50,983 INFO o.a.j.t.JMeterThread: Thread started: Benchmark - Operaciones Normales 1-12
2026-07-09 11:50:51,017 INFO o.a.j.t.JMeterThread: Thread is done: Benchmark - Operaciones Normales 1-11
2026-07-09 11:50:51,017 INFO o.a.j.t.JMeterThread: Thread finished: Benchmark - Operaciones Normales 1-11
2026-07-09 11:50:51,084 INFO o.a.j.t.JMeterThread: Thread started: Benchmark - Operaciones Normales 1-13
2026-07-09 11:50:51,113 INFO o.a.j.t.JMeterThread: Thread is done: Benchmark - Operaciones Normales 1-12
2026-07-09 11:50:51,113 INFO o.a.j.t.JMeterThread: Thread finished: Benchmark - Operaciones Normales 1-12
2026-07-09 11:50:51,183 INFO o.a.j.t.JMeterThread: Thread started: Benchmark - Operaciones Normales 1-14
2026-07-09 11:50:51,230 INFO o.a.j.t.JMeterThread: Thread is done: Benchmark - Operaciones Normales 1-13
2026-07-09 11:50:51,231 INFO o.a.j.t.JMeterThread: Thread finished: Benchmark - Operaciones Normales 1-13
2026-07-09 11:50:51,283 INFO o.a.j.t.JMeterThread: Thread started: Benchmark - Operaciones Normales 1-15
2026-07-09 11:50:51,314 INFO o.a.j.t.JMeterThread: Thread is done: Benchmark - Operaciones Normales 1-14
2026-07-09 11:50:51,314 INFO o.a.j.t.JMeterThread: Thread finished: Benchmark - Operaciones Normales 1-14
2026-07-09 11:50:51,383 INFO o.a.j.t.JMeterThread: Thread started: Benchmark - Operaciones Normales 1-16
2026-07-09 11:50:51,404 INFO o.a.j.t.JMeterThread: Thread is done: Benchmark - Operaciones Normales 1-15
2026-07-09 11:50:51,404 INFO o.a.j.t.JMeterThread: Thread finished: Benchmark - Operaciones Normales 1-15
2026-07-09 11:50:51,482 INFO o.a.j.t.JMeterThread: Thread started: Benchmark - Operaciones Normales 1-17
2026-07-09 11:50:51,515 INFO o.a.j.t.JMeterThread: Thread is done: Benchmark - Operaciones Normales 1-16
2026-07-09 11:50:51,516 INFO o.a.j.t.JMeterThread: Thread finished: Benchmark - Operaciones Normales 1-16
2026-07-09 11:50:51,582 INFO o.a.j.t.JMeterThread: Thread started: Benchmark - Operaciones Normales 1-18
2026-07-09 11:50:51,615 INFO o.a.j.t.JMeterThread: Thread is done: Benchmark - Operaciones Normales 1-17
2026-07-09 11:50:51,615 INFO o.a.j.t.JMeterThread: Thread finished: Benchmark - Operaciones Normales 1-17
2026-07-09 11:50:51,682 INFO o.a.j.t.JMeterThread: Thread started: Benchmark - Operaciones Normales 1-19
2026-07-09 11:50:51,712 INFO o.a.j.t.JMeterThread: Thread is done: Benchmark - Operaciones Normales 1-18
2026-07-09 11:50:51,712 INFO o.a.j.t.JMeterThread: Thread finished: Benchmark - Operaciones Normales 1-18
2026-07-09 11:50:51,782 INFO o.a.j.t.JMeterThread: Thread started: Benchmark - Operaciones Normales 1-20
2026-07-09 11:50:51,805 INFO o.a.j.t.JMeterThread: Thread is done: Benchmark - Operaciones Normales 1-19
2026-07-09 11:50:51,805 INFO o.a.j.t.JMeterThread: Thread finished: Benchmark - Operaciones Normales 1-19
2026-07-09 11:50:51,882 INFO o.a.j.t.JMeterThread: Thread started: Benchmark - Operaciones Normales 1-21
2026-07-09 11:50:51,934 INFO o.a.j.t.JMeterThread: Thread is done: Benchmark - Operaciones Normales 1-20
2026-07-09 11:50:51,935 INFO o.a.j.t.JMeterThread: Thread finished: Benchmark - Operaciones Normales 1-20
2026-07-09 11:50:51,982 INFO o.a.j.t.JMeterThread: Thread started: Benchmark - Operaciones Normales 1-22
2026-07-09 11:50:52,010 INFO o.a.j.t.JMeterThread: Thread is done: Benchmark - Operaciones Normales 1-21
2026-07-09 11:50:52,011 INFO o.a.j.t.JMeterThread: Thread finished: Benchmark - Operaciones Normales 1-21
2026-07-09 11:50:52,083 INFO o.a.j.t.JMeterThread: Thread started: Benchmark - Operaciones Normales 1-23
2026-07-09 11:50:52,086 INFO o.a.j.t.JMeterThread: Thread is done: Benchmark - Operaciones Normales 1-22
2026-07-09 11:50:52,087 INFO o.a.j.t.JMeterThread: Thread finished: Benchmark - Operaciones Normales 1-22
2026-07-09 11:50:52,184 INFO o.a.j.t.JMeterThread: Thread started: Benchmark - Operaciones Normales 1-24
2026-07-09 11:50:52,198 INFO o.a.j.t.JMeterThread: Thread is done: Benchmark - Operaciones Normales 1-23
2026-07-09 11:50:52,198 INFO o.a.j.t.JMeterThread: Thread finished: Benchmark - Operaciones Normales 1-23
2026-07-09 11:50:52,284 INFO o.a.j.t.JMeterThread: Thread started: Benchmark - Operaciones Normales 1-25
2026-07-09 11:50:52,292 INFO o.a.j.t.JMeterThread: Thread is done: Benchmark - Operaciones Normales 1-24
2026-07-09 11:50:52,292 INFO o.a.j.t.JMeterThread: Thread finished: Benchmark - Operaciones Normales 1-24
2026-07-09 11:50:52,381 INFO o.a.j.t.JMeterThread: Thread started: Benchmark - Operaciones Normales 1-26
2026-07-09 11:50:52,398 INFO o.a.j.t.JMeterThread: Thread is done: Benchmark - Operaciones Normales 1-25
2026-07-09 11:50:52,399 INFO o.a.j.t.JMeterThread: Thread finished: Benchmark - Operaciones Normales 1-25
2026-07-09 11:50:52,479 INFO o.a.j.t.JMeterThread: Thread is done: Benchmark - Operaciones Normales 1-26
2026-07-09 11:50:52,479 INFO o.a.j.t.JMeterThread: Thread finished: Benchmark - Operaciones Normales 1-26
2026-07-09 11:50:52,482 INFO o.a.j.t.JMeterThread: Thread started: Benchmark - Operaciones Normales 1-27
2026-07-09 11:50:52,582 INFO o.a.j.t.JMeterThread: Thread started: Benchmark - Operaciones Normales 1-28
2026-07-09 11:50:52,585 INFO o.a.j.t.JMeterThread: Thread is done: Benchmark - Operaciones Normales 1-27
2026-07-09 11:50:52,585 INFO o.a.j.t.JMeterThread: Thread finished: Benchmark - Operaciones Normales 1-27
2026-07-09 11:50:52,682 INFO o.a.j.t.JMeterThread: Thread is done: Benchmark - Operaciones Normales 1-28
2026-07-09 11:50:52,682 INFO o.a.j.t.JMeterThread: Thread finished: Benchmark - Operaciones Normales 1-28
2026-07-09 11:50:52,683 INFO o.a.j.t.JMeterThread: Thread started: Benchmark - Operaciones Normales 1-29
2026-07-09 11:50:52,784 INFO o.a.j.t.JMeterThread: Thread started: Benchmark - Operaciones Normales 1-30
2026-07-09 11:50:52,785 INFO o.a.j.t.JMeterThread: Thread is done: Benchmark - Operaciones Normales 1-29
2026-07-09 11:50:52,785 INFO o.a.j.t.JMeterThread: Thread finished: Benchmark - Operaciones Normales 1-29
2026-07-09 11:50:52,882 INFO o.a.j.t.JMeterThread: Thread started: Benchmark - Operaciones Normales 1-31
2026-07-09 11:50:52,884 INFO o.a.j.t.JMeterThread: Thread is done: Benchmark - Operaciones Normales 1-30
2026-07-09 11:50:52,885 INFO o.a.j.t.JMeterThread: Thread finished: Benchmark - Operaciones Normales 1-30
2026-07-09 11:50:52,982 INFO o.a.j.t.JMeterThread: Thread started: Benchmark - Operaciones Normales 1-32
2026-07-09 11:50:52,994 INFO o.a.j.t.JMeterThread: Thread is done: Benchmark - Operaciones Normales 1-31
2026-07-09 11:50:52,994 INFO o.a.j.t.JMeterThread: Thread finished: Benchmark - Operaciones Normales 1-31
2026-07-09 11:50:53,082 INFO o.a.j.t.JMeterThread: Thread started: Benchmark - Operaciones Normales 1-33
2026-07-09 11:50:53,098 INFO o.a.j.t.JMeterThread: Thread is done: Benchmark - Operaciones Normales 1-32
2026-07-09 11:50:53,098 INFO o.a.j.t.JMeterThread: Thread finished: Benchmark - Operaciones Normales 1-32
2026-07-09 11:50:53,183 INFO o.a.j.t.JMeterThread: Thread started: Benchmark - Operaciones Normales 1-34
2026-07-09 11:50:53,197 INFO o.a.j.t.JMeterThread: Thread is done: Benchmark - Operaciones Normales 1-33
2026-07-09 11:50:53,198 INFO o.a.j.t.JMeterThread: Thread finished: Benchmark - Operaciones Normales 1-33
2026-07-09 11:50:53,282 INFO o.a.j.t.JMeterThread: Thread started: Benchmark - Operaciones Normales 1-35
2026-07-09 11:50:53,285 INFO o.a.j.t.JMeterThread: Thread is done: Benchmark - Operaciones Normales 1-34
2026-07-09 11:50:53,285 INFO o.a.j.t.JMeterThread: Thread finished: Benchmark - Operaciones Normales 1-34
2026-07-09 11:50:53,381 INFO o.a.j.t.JMeterThread: Thread started: Benchmark - Operaciones Normales 1-36
2026-07-09 11:50:53,382 INFO o.a.j.t.JMeterThread: Thread is done: Benchmark - Operaciones Normales 1-35
2026-07-09 11:50:53,382 INFO o.a.j.t.JMeterThread: Thread finished: Benchmark - Operaciones Normales 1-35
2026-07-09 11:50:53,481 INFO o.a.j.t.JMeterThread: Thread is done: Benchmark - Operaciones Normales 1-36
2026-07-09 11:50:53,482 INFO o.a.j.t.JMeterThread: Thread finished: Benchmark - Operaciones Normales 1-36
2026-07-09 11:50:53,482 INFO o.a.j.t.JMeterThread: Thread started: Benchmark - Operaciones Normales 1-37
2026-07-09 11:50:53,577 INFO o.a.j.t.JMeterThread: Thread is done: Benchmark - Operaciones Normales 1-37
2026-07-09 11:50:53,578 INFO o.a.j.t.JMeterThread: Thread finished: Benchmark - Operaciones Normales 1-37
2026-07-09 11:50:53,584 INFO o.a.j.t.JMeterThread: Thread started: Benchmark - Operaciones Normales 1-38
2026-07-09 11:50:53,682 INFO o.a.j.t.JMeterThread: Thread is done: Benchmark - Operaciones Normales 1-38
2026-07-09 11:50:53,682 INFO o.a.j.t.JMeterThread: Thread finished: Benchmark - Operaciones Normales 1-38
2026-07-09 11:50:53,683 INFO o.a.j.t.JMeterThread: Thread started: Benchmark - Operaciones Normales 1-39
2026-07-09 11:50:53,784 INFO o.a.j.t.JMeterThread: Thread started: Benchmark - Operaciones Normales 1-40
2026-07-09 11:50:53,793 INFO o.a.j.t.JMeterThread: Thread is done: Benchmark - Operaciones Normales 1-39
2026-07-09 11:50:53,793 INFO o.a.j.t.JMeterThread: Thread finished: Benchmark - Operaciones Normales 1-39
2026-07-09 11:50:53,883 INFO o.a.j.t.JMeterThread: Thread started: Benchmark - Operaciones Normales 1-41
2026-07-09 11:50:53,903 INFO o.a.j.t.JMeterThread: Thread is done: Benchmark - Operaciones Normales 1-40
2026-07-09 11:50:53,903 INFO o.a.j.t.JMeterThread: Thread finished: Benchmark - Operaciones Normales 1-40
2026-07-09 11:50:53,992 INFO o.a.j.t.JMeterThread: Thread started: Benchmark - Operaciones Normales 1-42
2026-07-09 11:50:54,014 INFO o.a.j.t.JMeterThread: Thread is done: Benchmark - Operaciones Normales 1-41
2026-07-09 11:50:54,014 INFO o.a.j.t.JMeterThread: Thread finished: Benchmark - Operaciones Normales 1-41
2026-07-09 11:50:54,085 INFO o.a.j.t.JMeterThread: Thread started: Benchmark - Operaciones Normales 1-43
2026-07-09 11:50:54,114 INFO o.a.j.t.JMeterThread: Thread is done: Benchmark - Operaciones Normales 1-42
2026-07-09 11:50:54,114 INFO o.a.j.t.JMeterThread: Thread finished: Benchmark - Operaciones Normales 1-42
2026-07-09 11:50:54,192 INFO o.a.j.t.JMeterThread: Thread started: Benchmark - Operaciones Normales 1-44
2026-07-09 11:50:54,197 INFO o.a.j.t.JMeterThread: Thread is done: Benchmark - Operaciones Normales 1-43
2026-07-09 11:50:54,197 INFO o.a.j.t.JMeterThread: Thread finished: Benchmark - Operaciones Normales 1-43
2026-07-09 11:50:54,285 INFO o.a.j.t.JMeterThread: Thread started: Benchmark - Operaciones Normales 1-45
2026-07-09 11:50:54,291 INFO o.a.j.t.JMeterThread: Thread is done: Benchmark - Operaciones Normales 1-44
2026-07-09 11:50:54,291 INFO o.a.j.t.JMeterThread: Thread finished: Benchmark - Operaciones Normales 1-44
2026-07-09 11:50:54,383 INFO o.a.j.t.JMeterThread: Thread started: Benchmark - Operaciones Normales 1-46
2026-07-09 11:50:54,385 INFO o.a.j.t.JMeterThread: Thread is done: Benchmark - Operaciones Normales 1-45
2026-07-09 11:50:54,386 INFO o.a.j.t.JMeterThread: Thread finished: Benchmark - Operaciones Normales 1-45
2026-07-09 11:50:54,479 INFO o.a.j.t.JMeterThread: Thread is done: Benchmark - Operaciones Normales 1-46
2026-07-09 11:50:54,479 INFO o.a.j.t.JMeterThread: Thread finished: Benchmark - Operaciones Normales 1-46
2026-07-09 11:50:54,482 INFO o.a.j.t.JMeterThread: Thread started: Benchmark - Operaciones Normales 1-47
2026-07-09 11:50:54,575 INFO o.a.j.t.JMeterThread: Thread is done: Benchmark - Operaciones Normales 1-47
2026-07-09 11:50:54,575 INFO o.a.j.t.JMeterThread: Thread finished: Benchmark - Operaciones Normales 1-47
2026-07-09 11:50:54,583 INFO o.a.j.t.JMeterThread: Thread started: Benchmark - Operaciones Normales 1-48
2026-07-09 11:50:54,682 INFO o.a.j.t.JMeterThread: Thread started: Benchmark - Operaciones Normales 1-49
2026-07-09 11:50:54,686 INFO o.a.j.t.JMeterThread: Thread is done: Benchmark - Operaciones Normales 1-48
2026-07-09 11:50:54,686 INFO o.a.j.t.JMeterThread: Thread finished: Benchmark - Operaciones Normales 1-48
2026-07-09 11:50:54,781 INFO o.a.j.t.JMeterThread: Thread is done: Benchmark - Operaciones Normales 1-49
2026-07-09 11:50:54,782 INFO o.a.j.t.JMeterThread: Thread finished: Benchmark - Operaciones Normales 1-49
2026-07-09 11:50:54,782 INFO o.a.j.t.JMeterThread: Thread started: Benchmark - Operaciones Normales 1-50
2026-07-09 11:50:54,869 INFO o.a.j.t.JMeterThread: Thread is done: Benchmark - Operaciones Normales 1-50
2026-07-09 11:50:54,869 INFO o.a.j.t.JMeterThread: Thread finished: Benchmark - Operaciones Normales 1-50
2026-07-09 11:50:54,881 INFO o.a.j.t.JMeterThread: Thread started: Benchmark - Operaciones Normales 1-51
2026-07-09 11:50:54,972 INFO o.a.j.t.JMeterThread: Thread is done: Benchmark - Operaciones Normales 1-51
2026-07-09 11:50:54,973 INFO o.a.j.t.JMeterThread: Thread finished: Benchmark - Operaciones Normales 1-51
2026-07-09 11:50:54,982 INFO o.a.j.t.JMeterThread: Thread started: Benchmark - Operaciones Normales 1-52
2026-07-09 11:50:55,076 INFO o.a.j.t.JMeterThread: Thread is done: Benchmark - Operaciones Normales 1-52
2026-07-09 11:50:55,076 INFO o.a.j.t.JMeterThread: Thread finished: Benchmark - Operaciones Normales 1-52
2026-07-09 11:50:55,083 INFO o.a.j.t.JMeterThread: Thread started: Benchmark - Operaciones Normales 1-53
2026-07-09 11:50:55,181 INFO o.a.j.t.JMeterThread: Thread is done: Benchmark - Operaciones Normales 1-53
2026-07-09 11:50:55,182 INFO o.a.j.t.JMeterThread: Thread finished: Benchmark - Operaciones Normales 1-53
2026-07-09 11:50:55,182 INFO o.a.j.t.JMeterThread: Thread started: Benchmark - Operaciones Normales 1-54
2026-07-09 11:50:55,275 INFO o.a.j.t.JMeterThread: Thread is done: Benchmark - Operaciones Normales 1-54
2026-07-09 11:50:55,275 INFO o.a.j.t.JMeterThread: Thread finished: Benchmark - Operaciones Normales 1-54
2026-07-09 11:50:55,290 INFO o.a.j.t.JMeterThread: Thread started: Benchmark - Operaciones Normales 1-55
2026-07-09 11:50:55,382 INFO o.a.j.t.JMeterThread: Thread started: Benchmark - Operaciones Normales 1-56
2026-07-09 11:50:55,388 INFO o.a.j.t.JMeterThread: Thread is done: Benchmark - Operaciones Normales 1-55
2026-07-09 11:50:55,389 INFO o.a.j.t.JMeterThread: Thread finished: Benchmark - Operaciones Normales 1-55
2026-07-09 11:50:55,479 INFO o.a.j.t.JMeterThread: Thread is done: Benchmark - Operaciones Normales 1-56
2026-07-09 11:50:55,479 INFO o.a.j.t.JMeterThread: Thread finished: Benchmark - Operaciones Normales 1-56
2026-07-09 11:50:55,483 INFO o.a.j.t.JMeterThread: Thread started: Benchmark - Operaciones Normales 1-57
2026-07-09 11:50:55,578 INFO o.a.j.t.JMeterThread: Thread is done: Benchmark - Operaciones Normales 1-57
2026-07-09 11:50:55,578 INFO o.a.j.t.JMeterThread: Thread finished: Benchmark - Operaciones Normales 1-57
2026-07-09 11:50:55,583 INFO o.a.j.t.JMeterThread: Thread started: Benchmark - Operaciones Normales 1-58
2026-07-09 11:50:55,675 INFO o.a.j.t.JMeterThread: Thread is done: Benchmark - Operaciones Normales 1-58
2026-07-09 11:50:55,676 INFO o.a.j.t.JMeterThread: Thread finished: Benchmark - Operaciones Normales 1-58
2026-07-09 11:50:55,681 INFO o.a.j.t.JMeterThread: Thread started: Benchmark - Operaciones Normales 1-59
2026-07-09 11:50:55,774 INFO o.a.j.t.JMeterThread: Thread is done: Benchmark - Operaciones Normales 1-59
2026-07-09 11:50:55,774 INFO o.a.j.t.JMeterThread: Thread finished: Benchmark - Operaciones Normales 1-59
2026-07-09 11:50:55,783 INFO o.a.j.t.JMeterThread: Thread started: Benchmark - Operaciones Normales 1-60
2026-07-09 11:50:55,877 INFO o.a.j.t.JMeterThread: Thread is done: Benchmark - Operaciones Normales 1-60
2026-07-09 11:50:55,878 INFO o.a.j.t.JMeterThread: Thread finished: Benchmark - Operaciones Normales 1-60
2026-07-09 11:50:55,882 INFO o.a.j.t.JMeterThread: Thread started: Benchmark - Operaciones Normales 1-61
2026-07-09 11:50:55,979 INFO o.a.j.t.JMeterThread: Thread is done: Benchmark - Operaciones Normales 1-61
2026-07-09 11:50:55,980 INFO o.a.j.t.JMeterThread: Thread finished: Benchmark - Operaciones Normales 1-61
2026-07-09 11:50:55,983 INFO o.a.j.t.JMeterThread: Thread started: Benchmark - Operaciones Normales 1-62
2026-07-09 11:50:56,068 INFO o.a.j.t.JMeterThread: Thread is done: Benchmark - Operaciones Normales 1-62
2026-07-09 11:50:56,068 INFO o.a.j.t.JMeterThread: Thread finished: Benchmark - Operaciones Normales 1-62
2026-07-09 11:50:56,083 INFO o.a.j.t.JMeterThread: Thread started: Benchmark - Operaciones Normales 1-63
2026-07-09 11:50:56,168 INFO o.a.j.t.JMeterThread: Thread is done: Benchmark - Operaciones Normales 1-63
2026-07-09 11:50:56,168 INFO o.a.j.t.JMeterThread: Thread finished: Benchmark - Operaciones Normales 1-63
2026-07-09 11:50:56,182 INFO o.a.j.t.JMeterThread: Thread started: Benchmark - Operaciones Normales 1-64
2026-07-09 11:50:56,270 INFO o.a.j.t.JMeterThread: Thread is done: Benchmark - Operaciones Normales 1-64
2026-07-09 11:50:56,270 INFO o.a.j.t.JMeterThread: Thread finished: Benchmark - Operaciones Normales 1-64
2026-07-09 11:50:56,282 INFO o.a.j.t.JMeterThread: Thread started: Benchmark - Operaciones Normales 1-65
2026-07-09 11:50:56,378 INFO o.a.j.t.JMeterThread: Thread is done: Benchmark - Operaciones Normales 1-65
2026-07-09 11:50:56,378 INFO o.a.j.t.JMeterThread: Thread finished: Benchmark - Operaciones Normales 1-65
2026-07-09 11:50:56,382 INFO o.a.j.t.JMeterThread: Thread started: Benchmark - Operaciones Normales 1-66
2026-07-09 11:50:56,475 INFO o.a.j.t.JMeterThread: Thread is done: Benchmark - Operaciones Normales 1-66
2026-07-09 11:50:56,475 INFO o.a.j.t.JMeterThread: Thread finished: Benchmark - Operaciones Normales 1-66
2026-07-09 11:50:56,481 INFO o.a.j.t.JMeterThread: Thread started: Benchmark - Operaciones Normales 1-67
2026-07-09 11:50:56,574 INFO o.a.j.t.JMeterThread: Thread is done: Benchmark - Operaciones Normales 1-67
2026-07-09 11:50:56,575 INFO o.a.j.t.JMeterThread: Thread finished: Benchmark - Operaciones Normales 1-67
2026-07-09 11:50:56,582 INFO o.a.j.t.JMeterThread: Thread started: Benchmark - Operaciones Normales 1-68
2026-07-09 11:50:56,674 INFO o.a.j.t.JMeterThread: Thread is done: Benchmark - Operaciones Normales 1-68
2026-07-09 11:50:56,674 INFO o.a.j.t.JMeterThread: Thread finished: Benchmark - Operaciones Normales 1-68
2026-07-09 11:50:56,682 INFO o.a.j.t.JMeterThread: Thread started: Benchmark - Operaciones Normales 1-69
2026-07-09 11:50:56,775 INFO o.a.j.t.JMeterThread: Thread is done: Benchmark - Operaciones Normales 1-69
2026-07-09 11:50:56,775 INFO o.a.j.t.JMeterThread: Thread finished: Benchmark - Operaciones Normales 1-69
2026-07-09 11:50:56,781 INFO o.a.j.t.JMeterThread: Thread started: Benchmark - Operaciones Normales 1-70
2026-07-09 11:50:56,874 INFO o.a.j.t.JMeterThread: Thread is done: Benchmark - Operaciones Normales 1-70
2026-07-09 11:50:56,874 INFO o.a.j.t.JMeterThread: Thread finished: Benchmark - Operaciones Normales 1-70
2026-07-09 11:50:56,882 INFO o.a.j.t.JMeterThread: Thread started: Benchmark - Operaciones Normales 1-71
2026-07-09 11:50:56,972 INFO o.a.j.t.JMeterThread: Thread is done: Benchmark - Operaciones Normales 1-71
2026-07-09 11:50:56,973 INFO o.a.j.t.JMeterThread: Thread finished: Benchmark - Operaciones Normales 1-71
2026-07-09 11:50:56,982 INFO o.a.j.t.JMeterThread: Thread started: Benchmark - Operaciones Normales 1-72
2026-07-09 11:50:57,067 INFO o.a.j.t.JMeterThread: Thread is done: Benchmark - Operaciones Normales 1-72
2026-07-09 11:50:57,067 INFO o.a.j.t.JMeterThread: Thread finished: Benchmark - Operaciones Normales 1-72
2026-07-09 11:50:57,082 INFO o.a.j.t.JMeterThread: Thread started: Benchmark - Operaciones Normales 1-73
2026-07-09 11:50:57,182 INFO o.a.j.t.JMeterThread: Thread started: Benchmark - Operaciones Normales 1-74
2026-07-09 11:50:57,187 INFO o.a.j.t.JMeterThread: Thread is done: Benchmark - Operaciones Normales 1-73
2026-07-09 11:50:57,187 INFO o.a.j.t.JMeterThread: Thread finished: Benchmark - Operaciones Normales 1-73
2026-07-09 11:50:57,281 INFO o.a.j.t.JMeterThread: Thread is done: Benchmark - Operaciones Normales 1-74
2026-07-09 11:50:57,281 INFO o.a.j.t.JMeterThread: Thread finished: Benchmark - Operaciones Normales 1-74
2026-07-09 11:50:57,282 INFO o.a.j.t.JMeterThread: Thread started: Benchmark - Operaciones Normales 1-75
2026-07-09 11:50:57,370 INFO o.a.j.t.JMeterThread: Thread is done: Benchmark - Operaciones Normales 1-75
2026-07-09 11:50:57,370 INFO o.a.j.t.JMeterThread: Thread finished: Benchmark - Operaciones Normales 1-75
2026-07-09 11:50:57,383 INFO o.a.j.t.JMeterThread: Thread started: Benchmark - Operaciones Normales 1-76
2026-07-09 11:50:57,470 INFO o.a.j.t.JMeterThread: Thread is done: Benchmark - Operaciones Normales 1-76
2026-07-09 11:50:57,471 INFO o.a.j.t.JMeterThread: Thread finished: Benchmark - Operaciones Normales 1-76
2026-07-09 11:50:57,484 INFO o.a.j.t.JMeterThread: Thread started: Benchmark - Operaciones Normales 1-77
2026-07-09 11:50:57,578 INFO o.a.j.t.JMeterThread: Thread is done: Benchmark - Operaciones Normales 1-77
2026-07-09 11:50:57,579 INFO o.a.j.t.JMeterThread: Thread finished: Benchmark - Operaciones Normales 1-77
2026-07-09 11:50:57,584 INFO o.a.j.t.JMeterThread: Thread started: Benchmark - Operaciones Normales 1-78
2026-07-09 11:50:57,678 INFO o.a.j.t.JMeterThread: Thread is done: Benchmark - Operaciones Normales 1-78
2026-07-09 11:50:57,678 INFO o.a.j.t.JMeterThread: Thread finished: Benchmark - Operaciones Normales 1-78
2026-07-09 11:50:57,682 INFO o.a.j.t.JMeterThread: Thread started: Benchmark - Operaciones Normales 1-79
2026-07-09 11:50:57,774 INFO o.a.j.t.JMeterThread: Thread is done: Benchmark - Operaciones Normales 1-79
2026-07-09 11:50:57,774 INFO o.a.j.t.JMeterThread: Thread finished: Benchmark - Operaciones Normales 1-79
2026-07-09 11:50:57,783 INFO o.a.j.t.JMeterThread: Thread started: Benchmark - Operaciones Normales 1-80
2026-07-09 11:50:57,881 INFO o.a.j.t.JMeterThread: Thread started: Benchmark - Operaciones Normales 1-81
2026-07-09 11:50:57,881 INFO o.a.j.t.JMeterThread: Thread is done: Benchmark - Operaciones Normales 1-80
2026-07-09 11:50:57,882 INFO o.a.j.t.JMeterThread: Thread finished: Benchmark - Operaciones Normales 1-80
2026-07-09 11:50:57,979 INFO o.a.j.t.JMeterThread: Thread is done: Benchmark - Operaciones Normales 1-81
2026-07-09 11:50:57,979 INFO o.a.j.t.JMeterThread: Thread finished: Benchmark - Operaciones Normales 1-81
2026-07-09 11:50:57,982 INFO o.a.j.t.JMeterThread: Thread started: Benchmark - Operaciones Normales 1-82
2026-07-09 11:50:58,074 INFO o.a.j.t.JMeterThread: Thread is done: Benchmark - Operaciones Normales 1-82
2026-07-09 11:50:58,074 INFO o.a.j.t.JMeterThread: Thread finished: Benchmark - Operaciones Normales 1-82
2026-07-09 11:50:58,092 INFO o.a.j.t.JMeterThread: Thread started: Benchmark - Operaciones Normales 1-83
2026-07-09 11:50:58,183 INFO o.a.j.t.JMeterThread: Thread is done: Benchmark - Operaciones Normales 1-83
2026-07-09 11:50:58,183 INFO o.a.j.t.JMeterThread: Thread finished: Benchmark - Operaciones Normales 1-83
2026-07-09 11:50:58,184 INFO o.a.j.t.JMeterThread: Thread started: Benchmark - Operaciones Normales 1-84
2026-07-09 11:50:58,271 INFO o.a.j.t.JMeterThread: Thread is done: Benchmark - Operaciones Normales 1-84
2026-07-09 11:50:58,271 INFO o.a.j.t.JMeterThread: Thread finished: Benchmark - Operaciones Normales 1-84
2026-07-09 11:50:58,289 INFO o.a.j.t.JMeterThread: Thread started: Benchmark - Operaciones Normales 1-85
2026-07-09 11:50:58,382 INFO o.a.j.t.JMeterThread: Thread started: Benchmark - Operaciones Normales 1-86
2026-07-09 11:50:58,386 INFO o.a.j.t.JMeterThread: Thread is done: Benchmark - Operaciones Normales 1-85
2026-07-09 11:50:58,386 INFO o.a.j.t.JMeterThread: Thread finished: Benchmark - Operaciones Normales 1-85
2026-07-09 11:50:58,474 INFO o.a.j.t.JMeterThread: Thread is done: Benchmark - Operaciones Normales 1-86
2026-07-09 11:50:58,474 INFO o.a.j.t.JMeterThread: Thread finished: Benchmark - Operaciones Normales 1-86
2026-07-09 11:50:58,482 INFO o.a.j.t.JMeterThread: Thread started: Benchmark - Operaciones Normales 1-87
2026-07-09 11:50:58,569 INFO o.a.j.t.JMeterThread: Thread is done: Benchmark - Operaciones Normales 1-87
2026-07-09 11:50:58,569 INFO o.a.j.t.JMeterThread: Thread finished: Benchmark - Operaciones Normales 1-87
2026-07-09 11:50:58,581 INFO o.a.j.t.JMeterThread: Thread started: Benchmark - Operaciones Normales 1-88
2026-07-09 11:50:58,667 INFO o.a.j.t.JMeterThread: Thread is done: Benchmark - Operaciones Normales 1-88
2026-07-09 11:50:58,667 INFO o.a.j.t.JMeterThread: Thread finished: Benchmark - Operaciones Normales 1-88
2026-07-09 11:50:58,683 INFO o.a.j.t.JMeterThread: Thread started: Benchmark - Operaciones Normales 1-89
2026-07-09 11:50:58,778 INFO o.a.j.t.JMeterThread: Thread is done: Benchmark - Operaciones Normales 1-89
2026-07-09 11:50:58,778 INFO o.a.j.t.JMeterThread: Thread finished: Benchmark - Operaciones Normales 1-89
2026-07-09 11:50:58,783 INFO o.a.j.t.JMeterThread: Thread started: Benchmark - Operaciones Normales 1-90
2026-07-09 11:50:58,880 INFO o.a.j.t.JMeterThread: Thread is done: Benchmark - Operaciones Normales 1-90
2026-07-09 11:50:58,880 INFO o.a.j.t.JMeterThread: Thread finished: Benchmark - Operaciones Normales 1-90
2026-07-09 11:50:58,881 INFO o.a.j.t.JMeterThread: Thread started: Benchmark - Operaciones Normales 1-91
2026-07-09 11:50:58,980 INFO o.a.j.t.JMeterThread: Thread is done: Benchmark - Operaciones Normales 1-91
2026-07-09 11:50:58,980 INFO o.a.j.t.JMeterThread: Thread finished: Benchmark - Operaciones Normales 1-91
2026-07-09 11:50:58,983 INFO o.a.j.t.JMeterThread: Thread started: Benchmark - Operaciones Normales 1-92
2026-07-09 11:50:59,083 INFO o.a.j.t.JMeterThread: Thread started: Benchmark - Operaciones Normales 1-93
2026-07-09 11:50:59,084 INFO o.a.j.t.JMeterThread: Thread is done: Benchmark - Operaciones Normales 1-92
2026-07-09 11:50:59,084 INFO o.a.j.t.JMeterThread: Thread finished: Benchmark - Operaciones Normales 1-92
2026-07-09 11:50:59,181 INFO o.a.j.t.JMeterThread: Thread started: Benchmark - Operaciones Normales 1-94
2026-07-09 11:50:59,182 INFO o.a.j.t.JMeterThread: Thread is done: Benchmark - Operaciones Normales 1-93
2026-07-09 11:50:59,182 INFO o.a.j.t.JMeterThread: Thread finished: Benchmark - Operaciones Normales 1-93
2026-07-09 11:50:59,282 INFO o.a.j.t.JMeterThread: Thread started: Benchmark - Operaciones Normales 1-95
2026-07-09 11:50:59,289 INFO o.a.j.t.JMeterThread: Thread is done: Benchmark - Operaciones Normales 1-94
2026-07-09 11:50:59,289 INFO o.a.j.t.JMeterThread: Thread finished: Benchmark - Operaciones Normales 1-94
2026-07-09 11:50:59,381 INFO o.a.j.t.JMeterThread: Thread is done: Benchmark - Operaciones Normales 1-95
2026-07-09 11:50:59,381 INFO o.a.j.t.JMeterThread: Thread finished: Benchmark - Operaciones Normales 1-95
2026-07-09 11:50:59,382 INFO o.a.j.t.JMeterThread: Thread started: Benchmark - Operaciones Normales 1-96
2026-07-09 11:50:59,480 INFO o.a.j.t.JMeterThread: Thread is done: Benchmark - Operaciones Normales 1-96
2026-07-09 11:50:59,480 INFO o.a.j.t.JMeterThread: Thread finished: Benchmark - Operaciones Normales 1-96
2026-07-09 11:50:59,481 INFO o.a.j.t.JMeterThread: Thread started: Benchmark - Operaciones Normales 1-97
2026-07-09 11:50:59,580 INFO o.a.j.t.JMeterThread: Thread is done: Benchmark - Operaciones Normales 1-97
2026-07-09 11:50:59,580 INFO o.a.j.t.JMeterThread: Thread finished: Benchmark - Operaciones Normales 1-97
2026-07-09 11:50:59,583 INFO o.a.j.t.JMeterThread: Thread started: Benchmark - Operaciones Normales 1-98
2026-07-09 11:50:59,670 INFO o.a.j.t.JMeterThread: Thread is done: Benchmark - Operaciones Normales 1-98
2026-07-09 11:50:59,672 INFO o.a.j.t.JMeterThread: Thread finished: Benchmark - Operaciones Normales 1-98
2026-07-09 11:50:59,683 INFO o.a.j.t.JMeterThread: Thread started: Benchmark - Operaciones Normales 1-99
2026-07-09 11:50:59,769 INFO o.a.j.t.JMeterThread: Thread is done: Benchmark - Operaciones Normales 1-99
2026-07-09 11:50:59,769 INFO o.a.j.t.JMeterThread: Thread finished: Benchmark - Operaciones Normales 1-99
2026-07-09 11:50:59,782 INFO o.a.j.t.JMeterThread: Thread started: Benchmark - Operaciones Normales 1-100
2026-07-09 11:50:59,869 INFO o.a.j.t.JMeterThread: Thread is done: Benchmark - Operaciones Normales 1-100
2026-07-09 11:50:59,870 INFO o.a.j.t.JMeterThread: Thread finished: Benchmark - Operaciones Normales 1-100
2026-07-09 11:50:59,870 INFO o.a.j.e.StandardJMeterEngine: Starting ThreadGroup: 2 : Prueba Limite Payload - get_clientes 25K registros
2026-07-09 11:50:59,871 INFO o.a.j.e.StandardJMeterEngine: Starting 3 threads for group Prueba Limite Payload - get_clientes 25K registros.
2026-07-09 11:50:59,871 INFO o.a.j.e.StandardJMeterEngine: Thread will continue on error
2026-07-09 11:50:59,871 INFO o.a.j.t.ThreadGroup: Starting thread group... number=2 threads=3 ramp-up=1 delayedStart=false
2026-07-09 11:50:59,872 INFO o.a.j.t.JMeterThread: Thread started: Prueba Limite Payload - get_clientes 25K registros 2-1
2026-07-09 11:50:59,872 INFO o.a.j.t.ThreadGroup: Started thread group number 2
2026-07-09 11:50:59,872 INFO o.a.j.e.StandardJMeterEngine: All thread groups have been started
2026-07-09 11:51:00,205 INFO o.a.j.t.JMeterThread: Thread started: Prueba Limite Payload - get_clientes 25K registros 2-2
2026-07-09 11:51:00,538 INFO o.a.j.t.JMeterThread: Thread started: Prueba Limite Payload - get_clientes 25K registros 2-3
2026-07-09 11:51:00,548 INFO o.a.j.r.Summariser: summary +   4001 in 00:00:11 =  374.5/s Avg:     2 Min:     1 Max:    48 Err:     1 (0.02%) Active: 3 Started: 103 Finished: 100
2026-07-09 11:51:00,548 INFO o.a.j.t.JMeterThread: Thread is done: Prueba Limite Payload - get_clientes 25K registros 2-3
2026-07-09 11:51:00,549 INFO o.a.j.t.JMeterThread: Thread finished: Prueba Limite Payload - get_clientes 25K registros 2-3
2026-07-09 11:51:29,895 INFO o.a.j.t.JMeterThread: Thread is done: Prueba Limite Payload - get_clientes 25K registros 2-2
2026-07-09 11:51:29,895 INFO o.a.j.t.JMeterThread: Thread finished: Prueba Limite Payload - get_clientes 25K registros 2-2
2026-07-09 11:51:29,895 INFO o.a.j.t.JMeterThread: Thread is done: Prueba Limite Payload - get_clientes 25K registros 2-1
2026-07-09 11:51:29,895 INFO o.a.j.t.JMeterThread: Thread finished: Prueba Limite Payload - get_clientes 25K registros 2-1
2026-07-09 11:51:29,896 INFO o.a.j.e.StandardJMeterEngine: Notifying test listeners of end of test
2026-07-09 11:51:29,898 INFO o.a.j.r.Summariser: summary +      2 in 00:00:29 =    0.1/s Avg: 29855 Min: 29689 Max: 30022 Err:     2 (100.00%) Active: 0 Started: 103 Finished: 103
2026-07-09 11:51:29,900 INFO o.a.j.r.Summariser: summary =   4003 in 00:00:40 =  100.0/s Avg:    17 Min:     1 Max: 30022 Err:     3 (0.07%)
2026-07-09 11:51:29,901 INFO o.a.j.JMeter: Generating Dashboard
2026-07-09 11:51:29,901 INFO o.a.j.r.d.ReportGenerator: Flushing result collector before report Generation
2026-07-09 11:51:29,915 INFO o.a.j.r.p.NormalizerSampleConsumer: Using format, 'ms', to parse timeStamp field
2026-07-09 11:51:30,165 INFO o.a.j.r.p.AbstractSampleConsumer: class org.apache.jmeter.report.processor.AggregateConsumer#stopProducing(): beginDate produced 0 samples
2026-07-09 11:51:30,165 INFO o.a.j.r.p.AbstractSampleConsumer: class org.apache.jmeter.report.processor.AggregateConsumer#stopProducing(): endDate produced 0 samples
2026-07-09 11:51:30,167 INFO o.a.j.r.p.AbstractSampleConsumer: class org.apache.jmeter.report.processor.ApdexSummaryConsumer#stopProducing(): apdexSummary produced 0 samples
2026-07-09 11:51:30,167 INFO o.a.j.r.p.AbstractSampleConsumer: class org.apache.jmeter.report.processor.RequestsSummaryConsumer#stopProducing(): requestsSummary produced 0 samples
2026-07-09 11:51:30,176 INFO o.a.j.r.p.AbstractSampleConsumer: class org.apache.jmeter.report.processor.StatisticsSummaryConsumer#stopProducing(): statisticsSummary produced 0 samples
2026-07-09 11:51:30,178 INFO o.a.j.r.p.AbstractSampleConsumer: class org.apache.jmeter.report.processor.Top5ErrorsBySamplerConsumer#stopProducing(): top5ErrorsBySampler produced 0 samples
2026-07-09 11:51:30,178 INFO o.a.j.r.p.AbstractSampleConsumer: class org.apache.jmeter.report.processor.ErrorsSummaryConsumer#stopProducing(): errorsSummary produced 0 samples
2026-07-09 11:51:30,178 INFO o.a.j.r.p.AbstractSampleConsumer: class org.apache.jmeter.report.processor.graph.impl.HitsPerSecondGraphConsumer#stopProducing(): hitsPerSecond produced 0 samples
2026-07-09 11:51:30,274 INFO o.a.j.r.p.AbstractSampleConsumer: class org.apache.jmeter.report.processor.graph.impl.LatencyVSRequestGraphConsumer#stopProducing(): latencyVsRequest produced 0 samples
2026-07-09 11:51:30,274 INFO o.a.j.r.p.AbstractSampleConsumer: class org.apache.jmeter.report.processor.graph.impl.SyntheticResponseTimeDistributionGraphConsumer#stopProducing(): syntheticResponseTimeDistribution produced 0 samples
2026-07-09 11:51:30,275 INFO o.a.j.r.p.AbstractSampleConsumer: class org.apache.jmeter.report.processor.graph.impl.BytesThroughputGraphConsumer#stopProducing(): bytesThroughputOverTime produced 0 samples
2026-07-09 11:51:30,275 INFO o.a.j.r.p.AbstractSampleConsumer: class org.apache.jmeter.report.processor.graph.impl.CodesPerSecondGraphConsumer#stopProducing(): codesPerSecond produced 0 samples
2026-07-09 11:51:30,311 INFO o.a.j.r.p.AbstractSampleConsumer: class org.apache.jmeter.report.processor.graph.impl.ResponseTimeVSRequestGraphConsumer#stopProducing(): responseTimeVsRequest produced 0 samples
2026-07-09 11:51:30,312 INFO o.a.j.r.p.AbstractSampleConsumer: class org.apache.jmeter.report.processor.FilterConsumer#stopProducing(): startIntervalControlerFilter produced 28021 samples
2026-07-09 11:51:30,312 INFO o.a.j.r.p.AbstractSampleConsumer: class org.apache.jmeter.report.processor.graph.impl.TotalTPSGraphConsumer#stopProducing(): totalTPS produced 0 samples
2026-07-09 11:51:30,312 INFO o.a.j.r.p.AbstractSampleConsumer: class org.apache.jmeter.report.processor.graph.impl.ActiveThreadsGraphConsumer#stopProducing(): activeThreadsOverTime produced 0 samples
2026-07-09 11:51:30,312 INFO o.a.j.r.p.AbstractSampleConsumer: class org.apache.jmeter.report.processor.graph.impl.TimeVSThreadGraphConsumer#stopProducing(): timeVsThreads produced 0 samples
2026-07-09 11:51:30,313 INFO o.a.j.r.p.AbstractSampleConsumer: class org.apache.jmeter.report.processor.graph.impl.ResponseTimeDistributionGraphConsumer#stopProducing(): responseTimeDistribution produced 0 samples
2026-07-09 11:51:30,313 INFO o.a.j.r.p.AbstractSampleConsumer: class org.apache.jmeter.report.processor.graph.impl.TransactionsPerSecondGraphConsumer#stopProducing(): transactionsPerSecond produced 0 samples
2026-07-09 11:51:30,314 INFO o.a.j.r.p.AbstractSampleConsumer: class org.apache.jmeter.report.processor.graph.impl.ResponseTimePercentilesGraphConsumer#stopProducing(): responseTimePercentiles produced 0 samples
2026-07-09 11:51:30,316 INFO o.a.j.r.p.AbstractSampleConsumer: class org.apache.jmeter.report.processor.graph.impl.ResponseTimePercentilesOverTimeGraphConsumer#stopProducing(): responseTimePercentilesOverTime produced 0 samples
2026-07-09 11:51:30,319 INFO o.a.j.r.p.AbstractSampleConsumer: class org.apache.jmeter.report.processor.graph.impl.ResponseTimeOverTimeGraphConsumer#stopProducing(): responseTimesOverTime produced 0 samples
2026-07-09 11:51:30,320 INFO o.a.j.r.p.AbstractSampleConsumer: class org.apache.jmeter.report.processor.graph.impl.ConnectTimeOverTimeGraphConsumer#stopProducing(): connectTimeOverTime produced 0 samples
2026-07-09 11:51:30,320 INFO o.a.j.r.p.AbstractSampleConsumer: class org.apache.jmeter.report.processor.graph.impl.LatencyOverTimeGraphConsumer#stopProducing(): latenciesOverTime produced 0 samples
2026-07-09 11:51:30,320 INFO o.a.j.r.p.AbstractSampleConsumer: class org.apache.jmeter.report.processor.FilterConsumer#stopProducing(): nameFilter produced 60045 samples
2026-07-09 11:51:30,320 INFO o.a.j.r.p.AbstractSampleConsumer: class org.apache.jmeter.report.processor.FilterConsumer#stopProducing(): dateRangeFilter produced 12009 samples
2026-07-09 11:51:30,321 INFO o.a.j.r.p.AbstractSampleConsumer: class org.apache.jmeter.report.processor.NormalizerSampleConsumer#stopProducing(): normalizer produced 4003 samples
2026-07-09 11:51:30,323 INFO o.a.j.r.p.CsvFileSampleSource: produce(): 4003 samples produced in 375ms on channel 0
2026-07-09 11:51:30,323 INFO o.a.j.r.d.ReportGenerator: Exporting data using exporter:'json' of className:'org.apache.jmeter.report.dashboard.JsonExporter'
2026-07-09 11:51:30,392 INFO o.a.j.r.d.JsonExporter: Found data for consumer statisticsSummary in context
2026-07-09 11:51:30,392 INFO o.a.j.r.d.JsonExporter: Creating statistics for overall
2026-07-09 11:51:30,392 INFO o.a.j.r.d.JsonExporter: Creating statistics for other transactions
2026-07-09 11:51:30,393 INFO o.a.j.r.d.JsonExporter: Checking output folder
2026-07-09 11:51:30,394 INFO o.a.j.r.d.JsonExporter: Writing statistics JSON to C:\Users\carlo\OneDrive\Escritorio\TRABAJO\agentstructuretest\simulation-lab\jmeter\..\resultados-benchmark\resultados_100_hilos-report\statistics.json
2026-07-09 11:51:30,456 INFO o.a.j.r.d.ReportGenerator: Exporting data using exporter:'html' of className:'org.apache.jmeter.report.dashboard.HtmlTemplateExporter'
2026-07-09 11:51:30,459 INFO o.a.j.r.d.HtmlTemplateExporter: Will generate dashboard in folder: C:\Users\carlo\OneDrive\Escritorio\TRABAJO\agentstructuretest\simulation-lab\jmeter\..\resultados-benchmark\resultados_100_hilos-report
2026-07-09 11:51:30,608 INFO o.a.j.r.d.HtmlTemplateExporter: Report will be generated in: C:\Users\carlo\OneDrive\Escritorio\TRABAJO\agentstructuretest\simulation-lab\jmeter\..\resultados-benchmark\resultados_100_hilos-report, creating folder structure
2026-07-09 11:51:30,611 INFO o.a.j.r.d.TemplateVisitor: Copying folder from 'C:\apache-jmeter-5.6.3\bin\report-template' to 'C:\Users\carlo\OneDrive\Escritorio\TRABAJO\agentstructuretest\simulation-lab\jmeter\..\resultados-benchmark\resultados_100_hilos-report', got message: C:\Users\carlo\OneDrive\Escritorio\TRABAJO\agentstructuretest\simulation-lab\jmeter\..\resultados-benchmark\resultados_100_hilos-report, found non empty folder with following content [C:\Users\carlo\OneDrive\Escritorio\TRABAJO\agentstructuretest\simulation-lab\jmeter\..\resultados-benchmark\resultados_100_hilos-report\statistics.json], will be ignored
2026-07-09 11:51:30,994 INFO o.a.j.JMeter: Dashboard generated
